// Jest Snapshot v1, https://goo.gl/fbAQLP

exports[`ButtonWithIcon.vue matches the snapshot 1`] = `
<button
  class="root"
>
  <div
    class="icon"
  />
   
  <span
    class="text"
  />
</button>
`;
