// Jest Snapshot v1, https://goo.gl/fbAQLP

exports[`UpdateNotification.vue matches the snapshot 1`] = `<!---->`;
