// Jest Snapshot v1, https://goo.gl/fbAQLP

exports[`IconArrow.vue matches the snapshot 1`] = `
<svg
  viewBox="0 0 30 30"
  xmlns="http://www.w3.org/2000/svg"
>
  <path
    d="M2.01 17.245L.484 15.758a1.572 1.572 0 0 1 0-2.27L13.835.472c.646-.63 1.69-.63 2.33 0l13.35 13.01c.646.63.646 1.647 0 2.27l-1.525 1.486a1.681 1.681 0 0 1-2.357-.027L17.752 9.15v19.243c0 .89-.735 1.607-1.65 1.607h-2.198c-.914 0-1.65-.716-1.65-1.607V9.15l-7.887 8.068a1.67 1.67 0 0 1-2.357.027z"
    fill="#da2f2d"
  />
</svg>
`;
