// Jest Snapshot v1, https://goo.gl/fbAQLP

exports[`RoundIconMap.vue matches the snapshot 1`] = `
<svg
  viewBox="0 0 36 36"
  xmlns="http://www.w3.org/2000/svg"
>
  <path
    d="M18 0a18 18 0 1 0 18 17.988C35.994 8.052 27.937 0 18 0"
    fill="#00a3da"
  />
   
  <path
    d="M18.2 8.667a4.812 4.812 0 0 0-4.813 4.812c0 2.149 3.146 6.065 4.35 7.487.245.288.681.288.925 0 1.205-1.422 4.35-5.338 4.35-7.487A4.812 4.812 0 0 0 18.2 8.667zm0 6.416a1.604 1.604 0 1 1 0-3.208 1.604 1.604 0 0 1 0 3.208zM7.968 16.915A1.222 1.222 0 0 0 7.2 18.05v9.56c0 .433.437.728.838.568l5.273-2.4v-8.903a11.567 11.567 0 0 1-.812-1.773l-4.53 1.813zm10.232 5.49a1.825 1.825 0 0 1-1.394-.649 40.344 40.344 0 0 1-2.273-2.93v6.951l7.334 2.445v-9.396a40.32 40.32 0 0 1-2.273 2.93 1.826 1.826 0 0 1-1.394.648zm10.162-7.583l-5.273 2.4v11l5.343-2.137c.464-.185.768-.635.768-1.135v-9.56a.611.611 0 0 0-.838-.568z"
    fill="#da2f2d"
  />
</svg>
`;
