// Jest Snapshot v1, https://goo.gl/fbAQLP

exports[`Route.vue matches the snapshot 1`] = `
<panelroute-stub
  favourites=""
  routeshortname="NX1"
  stopcode="1234"
  tripswithvehicles="[object Object]"
/>
`;
