// Jest Snapshot v1, https://goo.gl/fbAQLP

exports[`Stop.vue matches the snapshot 1`] = `
<panelstop-stub
  routeshortnames="NX1"
  stopcode="1234"
  stopname="ABCD"
/>
`;
